npx : [33mThe plugin "vite-tsconfig-paths" is 
detected. Vite now supports tsconfig paths 
resolution natively via the 
[1mresolve.tsconfigPaths[22m option. You can 
remove the plugin and set 
[1mresolve.tsconfigPaths: true[22m in your Vite 
config instead.[39m
At line:1 char:1
+ npx vite build 2>&1 > build-output.txt; type 
build-output.txt | finds ...
+ ~~~~~~~~~~~~~~~~~~~~~~~~~~~~~~~~~~~~~~
    + CategoryInfo          : NotSpecified: ([33 
   mThe plugin...g instead.[39m:String) [], Rem  
  oteException
    + FullyQualifiedErrorId : NativeCommandError
 
[36mvite v8.1.4 [32mbuilding client environment for production...[36m[39m
[2K
transforming...Γ£ô 1922 modules transformed.
rendering chunks...
computing gzip size...
.output/public/assets/project-2-D7-OSKsi.jpg                   121.35 kB
.output/public/assets/project-3-YHNMtrpW.jpg                   210.02 kB
.output/public/assets/hero-home-IL6Ia1IS.jpg                   224.42 kB
.output/public/assets/project-1-biahx42p.jpg                   275.20 kB
.output/public/assets/styles-CBj1Dw0p.css                       81.73 kB Γöé gzip:  13.66 kB
.output/public/assets/hero-home-lx7h-66v.js                      0.05 kB Γöé gzip:   0.07 kB
.output/public/assets/project-3-D6inQ9b9.js                      0.05 kB Γöé gzip:   0.07 kB
.output/public/assets/project-2-BOQUcsjs.js                      0.09 kB Γöé gzip:   0.09 kB
.output/public/assets/check-BJQ6z6OF.js                          0.12 kB Γöé gzip:   0.14 kB
.output/public/assets/arrow-left-DDeutXuD.js                     0.16 kB Γöé gzip:   0.16 kB
.output/public/assets/arrow-right-B_u7SdwI.js                    0.16 kB Γöé gzip:   0.16 kB
.output/public/assets/clock-ClbQ-4w5.js                          0.16 kB Γöé gzip:   0.16 kB
.output/public/assets/search-Dp7wZEOG.js                         0.17 kB Γöé gzip:   0.17 kB
.output/public/assets/calendar-B-LRdBYC.js                       0.25 kB Γöé gzip:   0.20 kB
.output/public/assets/jsx-runtime-DGeXAQPT.js                    0.93 kB Γöé gzip:   0.55 kB
.output/public/assets/useMatch-B0zYmoq2.js                       1.30 kB Γöé gzip:   0.70 kB
.output/public/assets/gallery-B-DhVmzi.js                        1.53 kB Γöé gzip:   0.76 kB
.output/public/assets/privacy-policy-DqMIVBZJ.js                 2.27 kB Γöé gzip:   0.86 kB
.output/public/assets/terms-DNjbCi2W.js                          2.55 kB Γöé gzip:   0.90 kB
.output/public/assets/knowledge-center._articleId-CTBusDM6.js    2.62 kB Γöé gzip:   1.00 kB
.output/public/assets/knowledge-center-uKc7QYLU.js               3.16 kB Γöé gzip:   1.33 kB
.output/public/assets/about-CuMRuRdf.js                          3.73 kB Γöé gzip:   1.36 kB
.output/public/assets/blog-HlVbXwEc.js                           4.64 kB Γöé gzip:   1.87 kB
.output/public/assets/compare-CUvzrm07.js                        5.96 kB Γöé gzip:   1.65 kB
.output/public/assets/faq-BwKIOIO5.js                            6.34 kB Γöé gzip:   2.79 kB
.output/public/assets/projects-LF-lLZ5n.js                       6.45 kB Γöé gzip:   2.16 kB
.output/public/assets/contact-DOHMsB5X.js                        8.61 kB Γöé gzip:   2.07 kB
.output/public/assets/createLucideIcon-BTloDLYt.js               8.66 kB Γöé gzip:   3.44 kB
.output/public/assets/projects._projectId-CfBLdBy_.js            9.32 kB Γöé gzip:   2.47 kB
.output/public/assets/home-loans-B-egK2hb.js                     9.63 kB Γöé gzip:   2.67 kB
.output/public/assets/calculators-SmhkR75q.js                   19.02 kB Γöé gzip:   2.70 kB
.output/public/assets/routes-CFxQZ0uE.js                        20.50 kB Γöé gzip:   5.69 kB
.output/public/assets/link-BZr94csH.js                          26.84 kB Γöé gzip:   9.86 kB
.output/public/assets/index-D0XJaUkn.js                        352.51 kB Γöé gzip: 111.81 kB

[33m[33m[PLUGIN_TIMINGS] [0mYour build spent 
significant time in plugins. Here is a breakdown:
  - vite-tsconfig-paths (59%)
  - tanstack-start-core:import-protection (30%)
  - tanstack-start-core:import-protection-transfor
m-cache (9%)
See https://rolldown.rs/reference/InputOptions.che
cks#plugintimings for more details.
[39m
[32mΓ£ô built in 5.43s[39m
[36mvite v8.1.4 [32mbuilding ssr environment for production...[36m[39m
[2K
transforming...Γ£ô 97 modules transformed.
rendering chunks...
computing gzip size...
node_modules/.nitro/vite/services/ssr/assets/project-2-D7-OSKsi.jpg                   121.35 kB
node_modules/.nitro/vite/services/ssr/assets/project-3-YHNMtrpW.jpg                   210.02 kB
node_modules/.nitro/vite/services/ssr/assets/hero-home-IL6Ia1IS.jpg                   224.42 kB
node_modules/.nitro/vite/services/ssr/assets/project-1-biahx42p.jpg                   275.20 kB
node_modules/.nitro/vite/services/ssr/assets/styles-CBj1Dw0p.css                       81.73 kB Γöé gzip: 13.66 kB
node_modules/.nitro/vite/services/ssr/assets/hero-home-CmCL8szI.js                      0.14 kB Γöé gzip:  0.11 kB
node_modules/.nitro/vite/services/ssr/assets/project-3-BXyuyx2i.js                      0.14 kB Γöé gzip:  0.11 kB
node_modules/.nitro/vite/services/ssr/assets/empty-plugin-adapters-D9UWiqvJ.js          0.22 kB Γöé gzip:  0.16 kB
node_modules/.nitro/vite/services/ssr/assets/project-2-dp89yKo-.js                      0.27 kB Γöé gzip:  0.14 kB
node_modules/.nitro/vite/services/ssr/assets/knowledge-center._articleId-B2eEijsD.js    0.72 kB Γöé gzip:  0.41 kB
node_modules/.nitro/vite/services/ssr/assets/createMiddleware-B_4t7rW1.js               0.83 kB Γöé gzip:  0.32 kB
node_modules/.nitro/vite/services/ssr/assets/projects._projectId-CPq3NFI_.js            0.88 kB Γöé gzip:  0.42 kB
node_modules/.nitro/vite/services/ssr/assets/start-BcSBlhe9.js                          1.43 kB Γöé gzip:  0.66 kB
node_modules/.nitro/vite/services/ssr/assets/gallery-C3Qom4vW.js                        2.19 kB Γöé gzip:  0.92 kB
node_modules/.nitro/vite/services/ssr/assets/privacy-policy-CpG5Ft6r.js                 2.86 kB Γöé gzip:  0.96 kB
node_modules/.nitro/vite/services/ssr/assets/terms-D4TRMIEU.js                          3.18 kB Γöé gzip:  0.99 kB
node_modules/.nitro/vite/services/ssr/index.js                                          3.41 kB Γöé gzip:  1.46 kB
node_modules/.nitro/vite/services/ssr/assets/knowledge-center-Cys91FnV.js               3.77 kB Γöé gzip:  1.33 kB
node_modules/.nitro/vite/services/ssr/assets/knowledge-center._articleId-Ch9YtMag.js    3.89 kB Γöé gzip:  1.21 kB
node_modules/.nitro/vite/services/ssr/assets/about-B6z89API.js                          4.30 kB Γöé gzip:  1.39 kB
node_modules/.nitro/vite/services/ssr/assets/_tanstack-start-manifest_v-CC9e96UW.js     4.42 kB Γöé gzip:  0.99 kB
node_modules/.nitro/vite/services/ssr/assets/properties-BagkIvdw.js                     5.25 kB Γöé gzip:  1.99 kB
node_modules/.nitro/vite/services/ssr/assets/blog-BZibIJtq.js                           6.00 kB Γöé gzip:  2.12 kB
node_modules/.nitro/vite/services/ssr/assets/faq-B-pJ-MlD.js                            7.55 kB Γöé gzip:  3.00 kB
node_modules/.nitro/vite/services/ssr/assets/compare-CUoUfvgQ.js                        8.93 kB Γöé gzip:  1.95 kB
node_modules/.nitro/vite/services/ssr/assets/projects-D6ezVxPY.js                       9.13 kB Γöé gzip:  2.44 kB
node_modules/.nitro/vite/services/ssr/assets/home-loans-i5ykbdYq.js                    10.97 kB Γöé gzip:  2.35 kB
node_modules/.nitro/vite/services/ssr/assets/contact-f4zk3NdI.js                       12.20 kB Γöé gzip:  2.36 kB
node_modules/.nitro/vite/services/ssr/assets/projects._projectId-B0sZqxnD.js           13.30 kB Γöé gzip:  2.80 kB
node_modules/.nitro/vite/services/ssr/assets/knowledge-center-data-DZeShv2I.js         20.53 kB Γöé gzip:  7.74 kB
node_modules/.nitro/vite/services/ssr/assets/routes-oF0fJ0hJ.js                        23.88 kB Γöé gzip:  5.06 kB
node_modules/.nitro/vite/services/ssr/assets/calculators-BTLqu8oS.js                   27.52 kB Γöé gzip:  3.32 kB
node_modules/.nitro/vite/services/ssr/assets/router-K5048-pm.js                        29.81 kB Γöé gzip:  7.32 kB
node_modules/.nitro/vite/services/ssr/assets/server-CvsvU7Kn.js                        58.73 kB Γöé gzip: 15.11 kB

[33m[33m[PLUGIN_TIMINGS] [0mYour build spent 
significant time in plugins. Here is a breakdown:
  - tanstack-start-core:import-protection-transfor
m-cache (37%)
  - tanstack-start-core:import-protection (17%)
  - tanstack-router:code-splitter:compile-referenc
e-file (15%)
  - vite-tsconfig-paths (10%)
  - tanstack-router:code-splitter:compile-virtual-
file (10%)
See https://rolldown.rs/reference/InputOptions.che
cks#plugintimings for more details.
[39m
[32mΓ£ô built in 4.01s[39m

[90m[[90mnitro[90m][39m [35mo[39m Building [[35mNitro[39m] [2m(preset: [36mcloudflare-module[39m, compatibility: [36m2026-07-15[39m)[22m
[90m[[90mnitro[90m][39m [32mΓêÜ[39m Generated public [36m.output/public[39m
[36mvite v8.1.4 [32mbuilding nitro environment for production...[36m[39m

[43m[30m WARN [39m[49m 
[36minlineDynamicImports[39m option is ignored 
because the [36mcodeSplitting[39m option is 
specified.

[2K
transforming...Γ£ô 1948 modules transformed.
rendering chunks...
computing gzip size...
.output/server/_ssr/hero-home-CmCL8szI.mjs                      0.18 kB Γöé gzip:   0.15 kB
.output/server/_ssr/project-3-BXyuyx2i.mjs                      0.18 kB Γöé gzip:   0.15 kB
.output/server/_ssr/empty-plugin-adapters-D9UWiqvJ.mjs          0.23 kB Γöé gzip:   0.16 kB
.output/server/_ssr/project-2-dp89yKo-.mjs                      0.26 kB Γöé gzip:   0.17 kB
.output/server/_chunks/ssr-renderer.mjs                         0.60 kB Γöé gzip:   0.36 kB
.output/server/_ssr/knowledge-center._articleId-B2eEijsD.mjs    0.79 kB Γöé gzip:   0.46 kB
.output/server/_ssr/createMiddleware-B_4t7rW1.mjs               0.83 kB Γöé gzip:   0.33 kB
.output/server/_ssr/projects._projectId-CPq3NFI_.mjs            0.95 kB Γöé gzip:   0.47 kB
.output/server/_runtime.mjs                                     1.14 kB Γöé gzip:   0.57 kB
.output/server/_libs/hookable.mjs                               1.16 kB Γöé gzip:   0.51 kB
.output/server/_ssr/start-BcSBlhe9.mjs                          1.39 kB Γöé gzip:   0.65 kB
.output/server/_ssr/gallery-C3Qom4vW.mjs                        2.57 kB Γöé gzip:   0.99 kB
.output/server/_ssr/ssr.mjs                                     3.34 kB Γöé gzip:   1.46 kB
.output/server/_ssr/privacy-policy-CpG5Ft6r.mjs                 3.51 kB Γöé gzip:   1.03 kB
.output/server/_ssr/terms-D4TRMIEU.mjs                          3.90 kB Γöé gzip:   1.08 kB
.output/server/_ssr/knowledge-center-Cys91FnV.mjs               4.48 kB Γöé gzip:   1.43 kB
.output/server/_tanstack-start-manifest_v-CC9e96UW.mjs          4.48 kB Γöé gzip:   1.02 kB
.output/server/_ssr/knowledge-center._articleId-Ch9YtMag.mjs    4.56 kB Γöé gzip:   1.29 kB
.output/server/_ssr/about-B6z89API.mjs                          5.10 kB Γöé gzip:   1.48 kB
.output/server/_ssr/properties-BagkIvdw.mjs                     5.30 kB Γöé gzip:   2.02 kB
.output/server/_ssr/blog-BZibIJtq.mjs                           6.71 kB Γöé gzip:   2.21 kB
.output/server/_ssr/faq-B-pJ-MlD.mjs                            8.21 kB Γöé gzip:   3.11 kB
.output/server/_libs/h3-v2+rou3.mjs                             9.81 kB Γöé gzip:   3.05 kB
.output/server/_ssr/compare-CUoUfvgQ.mjs                       10.56 kB Γöé gzip:   2.09 kB
.output/server/_ssr/projects-D6ezVxPY.mjs                      10.79 kB Γöé gzip:   2.59 kB
.output/server/_libs/tanstack__history.mjs                     12.09 kB Γöé gzip:   3.48 kB
.output/server/_ssr/home-loans-i5ykbdYq.mjs                    12.91 kB Γöé gzip:   2.46 kB
.output/server/_ssr/contact-f4zk3NdI.mjs                       14.40 kB Γöé gzip:   2.51 kB
.output/server/_libs/h3+rou3+srvx.mjs                          14.86 kB Γöé gzip:   4.41 kB
.output/server/_ssr/projects._projectId-B0sZqxnD.mjs           15.68 kB Γöé gzip:   2.95 kB
.output/server/index.mjs                                       16.99 kB Γöé gzip:   4.95 kB
.output/server/_libs/react+tanstack__react-query.mjs           17.65 kB Γöé gzip:   4.65 kB
.output/server/_ssr/knowledge-center-data-DZeShv2I.mjs         20.57 kB Γöé gzip:   7.78 kB
.output/server/_libs/lucide-react.mjs                          24.68 kB Γöé gzip:   4.93 kB
.output/server/_ssr/routes-oF0fJ0hJ.mjs                        27.68 kB Γöé gzip:   5.25 kB
.output/server/_ssr/router-K5048-pm.mjs                        31.65 kB Γöé gzip:   7.38 kB
.output/server/_ssr/calculators-BTLqu8oS.mjs                   32.18 kB Γöé gzip:   3.52 kB
.output/server/_libs/tanstack__query-core.mjs                  47.96 kB Γöé gzip:  10.65 kB
.output/server/_ssr/server-CvsvU7Kn.mjs                        56.92 kB Γöé gzip:  14.95 kB
.output/server/_libs/@tanstack/router-core+[...].mjs           80.21 kB Γöé gzip:  20.17 kB
.output/server/_libs/@tanstack/react-router+[...].mjs         663.69 kB Γöé gzip: 139.76 kB

[32mΓ£ô built in 2.08s[39m
[90m[[90mnitro[90m][39m [36mi[39m Using auto generated worker name: [36mprasadbandam268-royal-reality-haven[39m
[36mi[39m Generated [36m.output/server/wrangler.json[39m
[36mi[39m Generated [36m.wrangler/deploy/config.json[39m
[36mi[39m Generated [36m.output/public/_headers[39m
[36mi[39m Generated [36m.output/nitro.json[39m

[90m[[90mnitro[90m][39m [32mΓêÜ[39m You can preview this build using [36mnpx vite preview[39m
[90m[[90mnitro[90m][39m [32mΓêÜ[39m You can deploy this build using [36mnpx nitro deploy --prebuilt[39m
